
Running 1 test using 1 worker

ÀÏ°ý ÀÛ¾÷À» ³¡³»½Ã°Ú½À´Ï±î (Y/N)? ÀÏ°ý ÀÛ¾÷À» ³¡³»½Ã°Ú½À´Ï±î (Y/N)? [1A[2K[1/1] [chromium] â€º tests\inspection.spec.ts:4:1 â€º Inspection Workflow: Plan -> Confirm -> Result -> Complete
[1A[2K  1 did not run
