> Task :clean
> Task :compileJava
> Task :processResources
> Task :classes
> Task :compileTestJava
> Task :processTestResources NO-SOURCE
> Task :testClasses
./gradlew : Java HotSpot(TM
) 64-Bit Server VM warning:
 Sharing is only supported 
for boot loader classes bec
ause bootstrap classpath ha
s been appended
위치 줄:1 문자:1
+ ./gradlew clean test > te
st_output.txt 2>&1
+ ~~~~~~~~~~~~~~~~~~~~~~~~~
~~~~~~~~~~~~~~~~~~
    + CategoryInfo         
     : NotSpecified: (Jav  
  a HotSpot(TM...s been    
 appended:String) [], R    
emoteException
    + FullyQualifiedErrorI 
   d : NativeCommandError
 
2026-02-07T20:48:30.931+09:00  INFO 47820 --- [cmms-backend] [ionShutdownHook] j.LocalContainerEntityManagerFactoryBean : Closing JPA EntityManagerFactory for persistence unit 'default'
2026-02-07T20:48:30.932+09:00 DEBUG 47820 --- [cmms-backend] [ionShutdownHook] org.hibernate.SQL                        : drop table if exists approval cascade 
2026-02-07T20:48:30.933+09:00 DEBUG 47820 --- [cmms-backend] [ionShutdownHook] org.hibernate.SQL                        : drop table if exists approval_step cascade 
2026-02-07T20:48:30.933+09:00 DEBUG 47820 --- [cmms-backend] [ionShutdownHook] org.hibernate.SQL                        : drop table if exists bin cascade 
2026-02-07T20:48:30.933+09:00 DEBUG 47820 --- [cmms-backend] [ionShutdownHook] org.hibernate.SQL                        : drop table if exists code cascade 
2026-02-07T20:48:30.934+09:00 DEBUG 47820 --- [cmms-backend] [ionShutdownHook] org.hibernate.SQL                        : drop table if exists code_item cascade 
2026-02-07T20:48:30.934+09:00 DEBUG 47820 --- [cmms-backend] [ionShutdownHook] org.hibernate.SQL                        : drop table if exists company cascade 
2026-02-07T20:48:30.934+09:00 DEBUG 47820 --- [cmms-backend] [ionShutdownHook] org.hibernate.SQL                        : drop table if exists dept cascade 
2026-02-07T20:48:30.934+09:00 DEBUG 47820 --- [cmms-backend] [ionShutdownHook] org.hibernate.SQL                        : drop table if exists equipment cascade 
2026-02-07T20:48:30.935+09:00 DEBUG 47820 --- [cmms-backend] [ionShutdownHook] org.hibernate.SQL                        : drop table if exists file_group cascade 
2026-02-07T20:48:30.936+09:00 DEBUG 47820 --- [cmms-backend] [ionShutdownHook] org.hibernate.SQL                        : drop table if exists file_item cascade 
2026-02-07T20:48:30.936+09:00 DEBUG 47820 --- [cmms-backend] [ionShutdownHook] org.hibernate.SQL                        : drop table if exists inspection cascade 
2026-02-07T20:48:30.937+09:00 DEBUG 47820 --- [cmms-backend] [ionShutdownHook] org.hibernate.SQL                        : drop table if exists inspection_item cascade 
2026-02-07T20:48:30.938+09:00 DEBUG 47820 --- [cmms-backend] [ionShutdownHook] org.hibernate.SQL                        : drop table if exists inventory cascade 
2026-02-07T20:48:30.938+09:00 DEBUG 47820 --- [cmms-backend] [ionShutdownHook] org.hibernate.SQL                        : drop table if exists inventory_closing cascade 
2026-02-07T20:48:30.939+09:00 DEBUG 47820 --- [cmms-backend] [ionShutdownHook] org.hibernate.SQL                        : drop table if exists inventory_history cascade 
2026-02-07T20:48:30.940+09:00 DEBUG 47820 --- [cmms-backend] [ionShutdownHook] org.hibernate.SQL                        : drop table if exists inventory_stock cascade 
2026-02-07T20:48:30.940+09:00 DEBUG 47820 --- [cmms-backend] [ionShutdownHook] org.hibernate.SQL                        : drop table if exists location cascade 
2026-02-07T20:48:30.941+09:00 DEBUG 47820 --- [cmms-backend] [ionShutdownHook] org.hibernate.SQL                        : drop table if exists memo cascade 
2026-02-07T20:48:30.941+09:00 DEBUG 47820 --- [cmms-backend] [ionShutdownHook] org.hibernate.SQL                        : drop table if exists person cascade 
2026-02-07T20:48:30.941+09:00 DEBUG 47820 --- [cmms-backend] [ionShutdownHook] org.hibernate.SQL                        : drop table if exists plant cascade 
2026-02-07T20:48:30.941+09:00 DEBUG 47820 --- [cmms-backend] [ionShutdownHook] org.hibernate.SQL                        : drop table if exists role cascade 
2026-02-07T20:48:30.941+09:00 DEBUG 47820 --- [cmms-backend] [ionShutdownHook] org.hibernate.SQL                        : drop table if exists sequence cascade 
2026-02-07T20:48:30.942+09:00 DEBUG 47820 --- [cmms-backend] [ionShutdownHook] org.hibernate.SQL                        : drop table if exists storage cascade 
2026-02-07T20:48:30.942+09:00 DEBUG 47820 --- [cmms-backend] [ionShutdownHook] org.hibernate.SQL                        : drop table if exists work_order cascade 
2026-02-07T20:48:30.942+09:00 DEBUG 47820 --- [cmms-backend] [ionShutdownHook] org.hibernate.SQL                        : drop table if exists work_order_item cascade 
2026-02-07T20:48:30.942+09:00 DEBUG 47820 --- [cmms-backend] [ionShutdownHook] org.hibernate.SQL                        : drop table if exists work_permit cascade 
2026-02-07T20:48:30.942+09:00 DEBUG 47820 --- [cmms-backend] [ionShutdownHook] org.hibernate.SQL                        : drop table if exists work_permit_item cascade 
2026-02-07T20:48:30.945+09:00  INFO 47820 --- [cmms-backend] [ionShutdownHook] com.zaxxer.hikari.HikariDataSource       : HikariPool-1 - Shutdown initiated...
2026-02-07T20:48:30.945+09:00  INFO 47820 --- [cmms-backend] [ionShutdownHook] com.zaxxer.hikari.HikariDataSource       : HikariPool-1 - Shutdown completed.

> Task :test

MasterDataIntegrationTest > testMasterDataFlow() FAILED
    java.lang.IllegalStateException at DefaultCacheAwareContextLoaderDelegate.java:180
        Caused by: org.springframework.beans.factory.BeanCreationException at AbstractBeanFactory.java:325
            Caused by: org.springframework.beans.factory.BeanCreationException at AbstractAutowireCapableBeanFactory.java:1802
                Caused by: org.springframework.jdbc.datasource.init.ScriptStatementFailedException at ScriptUtils.java:282
                    Caused by: org.h2.jdbc.JdbcSQLSyntaxErrorException at DbException.java:514

StandardInfoIntegrationTest > testStandardInfoFlow() FAILED
    java.lang.IllegalStateException at DefaultCacheAwareContextLoaderDelegate.java:145

TransactionIntegrationTest > testMemoFlow() FAILED
    java.lang.IllegalStateException at DefaultCacheAwareContextLoaderDelegate.java:145

TransactionIntegrationTest > testTransactionFlow() FAILED
    java.lang.IllegalStateException at DefaultCacheAwareContextLoaderDelegate.java:145

5 tests completed, 4 failed

> Task :test FAILED


FAILURE: Build failed with 
an exception.
[Incubating] Problems report is available at: file:///C:/projects/cmms/backend/build/reports/problems/problems-report.html

* What went wrong:
Execution failed for task '
:test'.
> There were failing tests.
 See the report at: file://
/C:/projects/cmms/backend/b
uild/reports/tests/test/ind
ex.html

* Try:
> Run with --scan to get fu
ll insights.

Deprecated Gradle features were used in this build, making it incompatible with Gradle 9.0.

You can use '--warning-mode all' to show the individual deprecation warnings and determine if they come from your own scripts or plugins.

For more on this, please refer to https://docs.gradle.org/8.14/userguide/command_line_interface.html#sec:command_line_warnings in the Gradle documentation.

BUILD FAILED in 9s
5 actionable tasks: 5 executed
